[     613ms] [INFO] %cDownload the React DevTools for a better development experience: https://react.dev/link/react-devtools font-weight:bold @ http://localhost:3000/_next/static/chunks/node_modules_next_dist_1e8vcs8._.js:776
[     773ms] [LOG] [HMR] connected @ http://localhost:3000/_next/static/chunks/node_modules_next_dist_1e8vcs8._.js:776
[    5356ms] [WARNING] THREE.WebGLProgram: Program Info Log: (250,1): warning X4000: use of potentially uninitialized variable (f_sobelSample) @ http://localhost:3000/_next/static/chunks/node_modules_next_dist_1e8vcs8._.js:776
[    6075ms] [WARNING] THREE.WebGLProgram: Program Info Log: (230,1): warning X4000: use of potentially uninitialized variable (f_blur)
(318,1): warning X4000: use of potentially uninitialized variable (f_sobelSample) @ http://localhost:3000/_next/static/chunks/node_modules_next_dist_1e8vcs8._.js:776
[  188070ms] [LOG] [Fast Refresh] rebuilding @ http://localhost:3000/_next/static/chunks/node_modules_next_dist_1e8vcs8._.js:776
[  189074ms] [LOG] [Fast Refresh] done in 1077ms @ http://localhost:3000/_next/static/chunks/node_modules_next_dist_1e8vcs8._.js:776
[  189168ms] [WARNING] [.WebGL-0x139c01114400] GL_INVALID_VALUE: glTexStorage2D: One or more image dimensions are not positive. @ http://localhost:3000/:0
[  189169ms] [WARNING] [.WebGL-0x139c01114400] GL_INVALID_FRAMEBUFFER_OPERATION: glClear: Framebuffer is incomplete: Attachment has zero size. @ http://localhost:3000/:0
[  189169ms] [WARNING] [.WebGL-0x139c01114400] GL_INVALID_FRAMEBUFFER_OPERATION: glClearBufferfv: Framebuffer is incomplete: Attachment has zero size. @ http://localhost:3000/:0
[  189169ms] [WARNING] [.WebGL-0x139c01114400] GL_INVALID_VALUE: glTexStorage2D: One or more image dimensions are not positive. @ http://localhost:3000/:0
[  189169ms] [WARNING] [.WebGL-0x139c01114400] GL_INVALID_FRAMEBUFFER_OPERATION: glClear: Framebuffer is incomplete: Attachment has zero size. @ http://localhost:3000/:0
[  189169ms] [WARNING] [.WebGL-0x139c01114400] GL_INVALID_FRAMEBUFFER_OPERATION: glClearBufferfv: Framebuffer is incomplete: Attachment has zero size. @ http://localhost:3000/:0
[  189169ms] [WARNING] [.WebGL-0x139c01114400] GL_INVALID_FRAMEBUFFER_OPERATION: glDrawElements: Framebuffer is incomplete: Attachment has zero size. @ http://localhost:3000/:0
[  189169ms] [WARNING] [.WebGL-0x139c01114400] GL_INVALID_FRAMEBUFFER_OPERATION: glDrawElements: Framebuffer is incomplete: Attachment has zero size. @ http://localhost:3000/:0
[  189169ms] [WARNING] [.WebGL-0x139c01114400] GL_INVALID_FRAMEBUFFER_OPERATION: glDrawElements: Framebuffer is incomplete: Attachment has zero size. @ http://localhost:3000/:0
[  189169ms] [WARNING] [.WebGL-0x139c01114400] GL_INVALID_FRAMEBUFFER_OPERATION: glDrawElements: Framebuffer is incomplete: Attachment has zero size. @ http://localhost:3000/:0
[  189169ms] [WARNING] [.WebGL-0x139c01114400] GL_INVALID_FRAMEBUFFER_OPERATION: glDrawElements: Framebuffer is incomplete: Attachment has zero size. @ http://localhost:3000/:0
[  189169ms] [WARNING] [.WebGL-0x139c01114400] GL_INVALID_FRAMEBUFFER_OPERATION: glDrawElements: Framebuffer is incomplete: Attachment has zero size. @ http://localhost:3000/:0
[  189169ms] [WARNING] [.WebGL-0x139c01114400] GL_INVALID_FRAMEBUFFER_OPERATION: glDrawElements: Framebuffer is incomplete: Attachment has zero size. @ http://localhost:3000/:0
[  189169ms] [WARNING] [.WebGL-0x139c01114400] GL_INVALID_FRAMEBUFFER_OPERATION: glDrawElements: Framebuffer is incomplete: Attachment has zero size. @ http://localhost:3000/:0
[  189169ms] [WARNING] [.WebGL-0x139c01114400] GL_INVALID_FRAMEBUFFER_OPERATION: glDrawElements: Framebuffer is incomplete: Attachment has zero size. @ http://localhost:3000/:0
[  189169ms] [WARNING] [.WebGL-0x139c01114400] GL_INVALID_FRAMEBUFFER_OPERATION: glDrawElements: Framebuffer is incomplete: Attachment has zero size. @ http://localhost:3000/:0
[  189169ms] [WARNING] [.WebGL-0x139c01114400] GL_INVALID_FRAMEBUFFER_OPERATION: glDrawElements: Framebuffer is incomplete: Attachment has zero size. @ http://localhost:3000/:0
[  189169ms] [WARNING] [.WebGL-0x139c01114400] GL_INVALID_FRAMEBUFFER_OPERATION: glDrawElements: Framebuffer is incomplete: Attachment has zero size. @ http://localhost:3000/:0
[  189170ms] [WARNING] [.WebGL-0x139c01114400] GL_INVALID_FRAMEBUFFER_OPERATION: glDrawElements: Framebuffer is incomplete: Attachment has zero size. @ http://localhost:3000/:0
[  189170ms] [WARNING] [.WebGL-0x139c01114400] GL_INVALID_FRAMEBUFFER_OPERATION: glDrawElements: Framebuffer is incomplete: Attachment has zero size. @ http://localhost:3000/:0
[  189170ms] [WARNING] [.WebGL-0x139c01114400] GL_INVALID_FRAMEBUFFER_OPERATION: glDrawElements: Framebuffer is incomplete: Attachment has zero size. @ http://localhost:3000/:0
[  189170ms] [WARNING] [.WebGL-0x139c01114400] GL_INVALID_FRAMEBUFFER_OPERATION: glDrawElements: Framebuffer is incomplete: Attachment has zero size. @ http://localhost:3000/:0
[  189170ms] [WARNING] [.WebGL-0x139c01114400] GL_INVALID_FRAMEBUFFER_OPERATION: glDrawElements: Framebuffer is incomplete: Attachment has zero size. @ http://localhost:3000/:0
[  189170ms] [WARNING] [.WebGL-0x139c01114400] GL_INVALID_FRAMEBUFFER_OPERATION: glClear: Framebuffer is incomplete: Attachment has zero size. @ http://localhost:3000/:0
[  189170ms] [WARNING] [.WebGL-0x139c01114400] GL_INVALID_FRAMEBUFFER_OPERATION: glClearBufferfv: Framebuffer is incomplete: Attachment has zero size. @ http://localhost:3000/:0
[  189170ms] [WARNING] [.WebGL-0x139c01114400] GL_INVALID_FRAMEBUFFER_OPERATION: glClear: Framebuffer is incomplete: Attachment has zero size. @ http://localhost:3000/:0
[  189170ms] [WARNING] [.WebGL-0x139c01114400] GL_INVALID_FRAMEBUFFER_OPERATION: glClearBufferfv: Framebuffer is incomplete: Attachment has zero size. @ http://localhost:3000/:0
[  189170ms] [WARNING] [.WebGL-0x139c01114400] GL_INVALID_FRAMEBUFFER_OPERATION: glDrawElements: Framebuffer is incomplete: Attachment has zero size. @ http://localhost:3000/:0
[  189170ms] [WARNING] [.WebGL-0x139c01114400] GL_INVALID_FRAMEBUFFER_OPERATION: glDrawElements: Framebuffer is incomplete: Attachment has zero size. @ http://localhost:3000/:0
[  189170ms] [WARNING] [.WebGL-0x139c01114400] GL_INVALID_FRAMEBUFFER_OPERATION: glDrawElements: Framebuffer is incomplete: Attachment has zero size. @ http://localhost:3000/:0
[  189170ms] [WARNING] [.WebGL-0x139c01114400] GL_INVALID_FRAMEBUFFER_OPERATION: glDrawElements: Framebuffer is incomplete: Attachment has zero size. @ http://localhost:3000/:0
[  189170ms] [WARNING] [.WebGL-0x139c01114400] GL_INVALID_FRAMEBUFFER_OPERATION: glDrawElements: Framebuffer is incomplete: Attachment has zero size. @ http://localhost:3000/:0
[  189170ms] [WARNING] [.WebGL-0x139c01114400] GL_INVALID_FRAMEBUFFER_OPERATION: glDrawElements: Framebuffer is incomplete: Attachment has zero size. @ http://localhost:3000/:0
[  189170ms] [WARNING] [.WebGL-0x139c01114400] GL_INVALID_FRAMEBUFFER_OPERATION: glDrawElements: Framebuffer is incomplete: Attachment has zero size. @ http://localhost:3000/:0
[  189170ms] [WARNING] [.WebGL-0x139c01114400] GL_INVALID_FRAMEBUFFER_OPERATION: glDrawElements: Framebuffer is incomplete: Attachment has zero size. @ http://localhost:3000/:0
[  189170ms] [WARNING] [.WebGL-0x139c01114400] GL_INVALID_FRAMEBUFFER_OPERATION: glDrawElements: Framebuffer is incomplete: Attachment has zero size. @ http://localhost:3000/:0
[  189170ms] [WARNING] [.WebGL-0x139c01114400] GL_INVALID_FRAMEBUFFER_OPERATION: glDrawElements: Framebuffer is incomplete: Attachment has zero size. @ http://localhost:3000/:0
[  189170ms] [WARNING] [.WebGL-0x139c01114400] GL_INVALID_FRAMEBUFFER_OPERATION: glDrawElements: Framebuffer is incomplete: Attachment has zero size. @ http://localhost:3000/:0
[  189173ms] [WARNING] [.WebGL-0x139c01114400] GL_INVALID_FRAMEBUFFER_OPERATION: glDrawElements: Framebuffer is incomplete: Attachment has zero size. @ http://localhost:3000/:0
[  189174ms] [WARNING] [.WebGL-0x139c01114400] GL_INVALID_FRAMEBUFFER_OPERATION: glDrawElements: Framebuffer is incomplete: Attachment has zero size. @ http://localhost:3000/:0
[  189174ms] [WARNING] [.WebGL-0x139c01114400] GL_INVALID_FRAMEBUFFER_OPERATION: glDrawElements: Framebuffer is incomplete: Attachment has zero size. @ http://localhost:3000/:0
[  189174ms] [WARNING] [.WebGL-0x139c01114400] GL_INVALID_FRAMEBUFFER_OPERATION: glDrawElements: Framebuffer is incomplete: Attachment has zero size. @ http://localhost:3000/:0
[  189174ms] [WARNING] [.WebGL-0x139c01114400] GL_INVALID_FRAMEBUFFER_OPERATION: glDrawElements: Framebuffer is incomplete: Attachment has zero size. @ http://localhost:3000/:0
[  189174ms] [WARNING] [.WebGL-0x139c01114400] GL_INVALID_FRAMEBUFFER_OPERATION: glDrawElements: Framebuffer is incomplete: Attachment has zero size. @ http://localhost:3000/:0
[  189174ms] [WARNING] [.WebGL-0x139c01114400] GL_INVALID_FRAMEBUFFER_OPERATION: glClear: Framebuffer is incomplete: Attachment has zero size. @ http://localhost:3000/:0
[  189174ms] [WARNING] [.WebGL-0x139c01114400] GL_INVALID_FRAMEBUFFER_OPERATION: glClearBufferfv: Framebuffer is incomplete: Attachment has zero size. @ http://localhost:3000/:0
[  189174ms] [WARNING] [.WebGL-0x139c01114400] GL_INVALID_FRAMEBUFFER_OPERATION: glClear: Framebuffer is incomplete: Attachment has zero size. @ http://localhost:3000/:0
[  189174ms] [WARNING] [.WebGL-0x139c01114400] GL_INVALID_FRAMEBUFFER_OPERATION: glClearBufferfv: Framebuffer is incomplete: Attachment has zero size. @ http://localhost:3000/:0
[  189185ms] [WARNING] [.WebGL-0x139c01114400] GL_INVALID_FRAMEBUFFER_OPERATION: glDrawElements: Framebuffer is incomplete: Attachment has zero size. @ http://localhost:3000/:0
[  189186ms] [WARNING] [.WebGL-0x139c01114400] GL_INVALID_FRAMEBUFFER_OPERATION: glDrawElements: Framebuffer is incomplete: Attachment has zero size. @ http://localhost:3000/:0
[  189186ms] [WARNING] [.WebGL-0x139c01114400] GL_INVALID_FRAMEBUFFER_OPERATION: glDrawElements: Framebuffer is incomplete: Attachment has zero size. @ http://localhost:3000/:0
[  189186ms] [WARNING] [.WebGL-0x139c01114400] GL_INVALID_FRAMEBUFFER_OPERATION: glDrawElements: Framebuffer is incomplete: Attachment has zero size. @ http://localhost:3000/:0
[  189186ms] [WARNING] [.WebGL-0x139c01114400] GL_INVALID_FRAMEBUFFER_OPERATION: glDrawElements: Framebuffer is incomplete: Attachment has zero size. @ http://localhost:3000/:0
[  189186ms] [WARNING] [.WebGL-0x139c01114400] GL_INVALID_FRAMEBUFFER_OPERATION: glDrawElements: Framebuffer is incomplete: Attachment has zero size. @ http://localhost:3000/:0
[  189186ms] [WARNING] [.WebGL-0x139c01114400] GL_INVALID_FRAMEBUFFER_OPERATION: glDrawElements: Framebuffer is incomplete: Attachment has zero size. @ http://localhost:3000/:0
[  189186ms] [WARNING] [.WebGL-0x139c01114400] GL_INVALID_FRAMEBUFFER_OPERATION: glDrawElements: Framebuffer is incomplete: Attachment has zero size. @ http://localhost:3000/:0
[  189186ms] [WARNING] [.WebGL-0x139c01114400] GL_INVALID_FRAMEBUFFER_OPERATION: glDrawElements: Framebuffer is incomplete: Attachment has zero size. @ http://localhost:3000/:0
[  189186ms] [WARNING] [.WebGL-0x139c01114400] GL_INVALID_FRAMEBUFFER_OPERATION: glDrawElements: Framebuffer is incomplete: Attachment has zero size. @ http://localhost:3000/:0
[  189186ms] [WARNING] [.WebGL-0x139c01114400] GL_INVALID_FRAMEBUFFER_OPERATION: glDrawElements: Framebuffer is incomplete: Attachment has zero size. @ http://localhost:3000/:0
[  189186ms] [WARNING] [.WebGL-0x139c01114400] GL_INVALID_FRAMEBUFFER_OPERATION: glDrawElements: Framebuffer is incomplete: Attachment has zero size. @ http://localhost:3000/:0
[  189186ms] [WARNING] [.WebGL-0x139c01114400] GL_INVALID_FRAMEBUFFER_OPERATION: glDrawElements: Framebuffer is incomplete: Attachment has zero size. @ http://localhost:3000/:0
[  189186ms] [WARNING] [.WebGL-0x139c01114400] GL_INVALID_FRAMEBUFFER_OPERATION: glDrawElements: Framebuffer is incomplete: Attachment has zero size. @ http://localhost:3000/:0
[  189186ms] [WARNING] [.WebGL-0x139c01114400] GL_INVALID_FRAMEBUFFER_OPERATION: glDrawElements: Framebuffer is incomplete: Attachment has zero size. @ http://localhost:3000/:0
[  189186ms] [WARNING] [.WebGL-0x139c01114400] GL_INVALID_FRAMEBUFFER_OPERATION: glDrawElements: Framebuffer is incomplete: Attachment has zero size. @ http://localhost:3000/:0
[  189186ms] [WARNING] [.WebGL-0x139c01114400] GL_INVALID_FRAMEBUFFER_OPERATION: glDrawElements: Framebuffer is incomplete: Attachment has zero size. @ http://localhost:3000/:0
[  189186ms] [WARNING] [.WebGL-0x139c01114400] GL_INVALID_FRAMEBUFFER_OPERATION: glClear: Framebuffer is incomplete: Attachment has zero size. @ http://localhost:3000/:0
[  189186ms] [WARNING] [.WebGL-0x139c01114400] GL_INVALID_FRAMEBUFFER_OPERATION: glClearBufferfv: Framebuffer is incomplete: Attachment has zero size. @ http://localhost:3000/:0
[  189186ms] [WARNING] [.WebGL-0x139c01114400] GL_INVALID_FRAMEBUFFER_OPERATION: glClear: Framebuffer is incomplete: Attachment has zero size. @ http://localhost:3000/:0
[  189186ms] [WARNING] [.WebGL-0x139c01114400] GL_INVALID_FRAMEBUFFER_OPERATION: glClearBufferfv: Framebuffer is incomplete: Attachment has zero size. @ http://localhost:3000/:0
[  189186ms] [WARNING] [.WebGL-0x139c01114400] GL_INVALID_FRAMEBUFFER_OPERATION: glDrawElements: Framebuffer is incomplete: Attachment has zero size. @ http://localhost:3000/:0
[  189186ms] [WARNING] [.WebGL-0x139c01114400] GL_INVALID_FRAMEBUFFER_OPERATION: glDrawElements: Framebuffer is incomplete: Attachment has zero size. @ http://localhost:3000/:0
[  189186ms] [WARNING] [.WebGL-0x139c01114400] GL_INVALID_FRAMEBUFFER_OPERATION: glDrawElements: Framebuffer is incomplete: Attachment has zero size. @ http://localhost:3000/:0
[  189186ms] [WARNING] [.WebGL-0x139c01114400] GL_INVALID_FRAMEBUFFER_OPERATION: glDrawElements: Framebuffer is incomplete: Attachment has zero size. @ http://localhost:3000/:0
[  189186ms] [WARNING] [.WebGL-0x139c01114400] GL_INVALID_FRAMEBUFFER_OPERATION: glDrawElements: Framebuffer is incomplete: Attachment has zero size. @ http://localhost:3000/:0
[  189186ms] [WARNING] [.WebGL-0x139c01114400] GL_INVALID_FRAMEBUFFER_OPERATION: glDrawElements: Framebuffer is incomplete: Attachment has zero size. @ http://localhost:3000/:0
[  189186ms] [WARNING] [.WebGL-0x139c01114400] GL_INVALID_FRAMEBUFFER_OPERATION: glDrawElements: Framebuffer is incomplete: Attachment has zero size. @ http://localhost:3000/:0
[  189186ms] [WARNING] [.WebGL-0x139c01114400] GL_INVALID_FRAMEBUFFER_OPERATION: glDrawElements: Framebuffer is incomplete: Attachment has zero size. @ http://localhost:3000/:0
[  189186ms] [WARNING] [.WebGL-0x139c01114400] GL_INVALID_FRAMEBUFFER_OPERATION: glDrawElements: Framebuffer is incomplete: Attachment has zero size. @ http://localhost:3000/:0
[  189186ms] [WARNING] [.WebGL-0x139c01114400] GL_INVALID_FRAMEBUFFER_OPERATION: glDrawElements: Framebuffer is incomplete: Attachment has zero size. @ http://localhost:3000/:0
[  189186ms] [WARNING] [.WebGL-0x139c01114400] GL_INVALID_FRAMEBUFFER_OPERATION: glDrawElements: Framebuffer is incomplete: Attachment has zero size. @ http://localhost:3000/:0
[  189187ms] [WARNING] [.WebGL-0x139c01114400] GL_INVALID_FRAMEBUFFER_OPERATION: glDrawElements: Framebuffer is incomplete: Attachment has zero size. @ http://localhost:3000/:0
[  189187ms] [WARNING] [.WebGL-0x139c01114400] GL_INVALID_FRAMEBUFFER_OPERATION: glDrawElements: Framebuffer is incomplete: Attachment has zero size. @ http://localhost:3000/:0
[  189187ms] [WARNING] [.WebGL-0x139c01114400] GL_INVALID_FRAMEBUFFER_OPERATION: glDrawElements: Framebuffer is incomplete: Attachment has zero size. @ http://localhost:3000/:0
[  189187ms] [WARNING] [.WebGL-0x139c01114400] GL_INVALID_FRAMEBUFFER_OPERATION: glDrawElements: Framebuffer is incomplete: Attachment has zero size. @ http://localhost:3000/:0
[  189187ms] [WARNING] [.WebGL-0x139c01114400] GL_INVALID_FRAMEBUFFER_OPERATION: glDrawElements: Framebuffer is incomplete: Attachment has zero size. @ http://localhost:3000/:0
[  189187ms] [WARNING] [.WebGL-0x139c01114400] GL_INVALID_FRAMEBUFFER_OPERATION: glDrawElements: Framebuffer is incomplete: Attachment has zero size. @ http://localhost:3000/:0
[  189201ms] [WARNING] [.WebGL-0x139c01114400] GL_INVALID_FRAMEBUFFER_OPERATION: glClear: Framebuffer is incomplete: Attachment has zero size. @ http://localhost:3000/:0
[  189201ms] [WARNING] [.WebGL-0x139c01114400] GL_INVALID_FRAMEBUFFER_OPERATION: glClearBufferfv: Framebuffer is incomplete: Attachment has zero size. @ http://localhost:3000/:0
[  189201ms] [WARNING] [.WebGL-0x139c01114400] GL_INVALID_FRAMEBUFFER_OPERATION: glClear: Framebuffer is incomplete: Attachment has zero size. @ http://localhost:3000/:0
[  189201ms] [WARNING] [.WebGL-0x139c01114400] GL_INVALID_FRAMEBUFFER_OPERATION: glClearBufferfv: Framebuffer is incomplete: Attachment has zero size. @ http://localhost:3000/:0
[  189201ms] [WARNING] [.WebGL-0x139c01114400] GL_INVALID_FRAMEBUFFER_OPERATION: glDrawElements: Framebuffer is incomplete: Attachment has zero size. @ http://localhost:3000/:0
[  189201ms] [WARNING] [.WebGL-0x139c01114400] GL_INVALID_FRAMEBUFFER_OPERATION: glDrawElements: Framebuffer is incomplete: Attachment has zero size. @ http://localhost:3000/:0
[  189201ms] [WARNING] [.WebGL-0x139c01114400] GL_INVALID_FRAMEBUFFER_OPERATION: glDrawElements: Framebuffer is incomplete: Attachment has zero size. @ http://localhost:3000/:0
[  189201ms] [WARNING] [.WebGL-0x139c01114400] GL_INVALID_FRAMEBUFFER_OPERATION: glDrawElements: Framebuffer is incomplete: Attachment has zero size. @ http://localhost:3000/:0
[  189201ms] [WARNING] [.WebGL-0x139c01114400] GL_INVALID_FRAMEBUFFER_OPERATION: glDrawElements: Framebuffer is incomplete: Attachment has zero size. @ http://localhost:3000/:0
[  189201ms] [WARNING] [.WebGL-0x139c01114400] GL_INVALID_FRAMEBUFFER_OPERATION: glDrawElements: Framebuffer is incomplete: Attachment has zero size. @ http://localhost:3000/:0
[  189201ms] [WARNING] [.WebGL-0x139c01114400] GL_INVALID_FRAMEBUFFER_OPERATION: glDrawElements: Framebuffer is incomplete: Attachment has zero size. @ http://localhost:3000/:0
[  189201ms] [WARNING] [.WebGL-0x139c01114400] GL_INVALID_FRAMEBUFFER_OPERATION: glDrawElements: Framebuffer is incomplete: Attachment has zero size. @ http://localhost:3000/:0
[  189201ms] [WARNING] [.WebGL-0x139c01114400] GL_INVALID_FRAMEBUFFER_OPERATION: glDrawElements: Framebuffer is incomplete: Attachment has zero size. @ http://localhost:3000/:0
[  189201ms] [WARNING] [.WebGL-0x139c01114400] GL_INVALID_FRAMEBUFFER_OPERATION: glDrawElements: Framebuffer is incomplete: Attachment has zero size. @ http://localhost:3000/:0
[  189201ms] [WARNING] [.WebGL-0x139c01114400] GL_INVALID_FRAMEBUFFER_OPERATION: glDrawElements: Framebuffer is incomplete: Attachment has zero size. @ http://localhost:3000/:0
[  189201ms] [WARNING] [.WebGL-0x139c01114400] GL_INVALID_FRAMEBUFFER_OPERATION: glDrawElements: Framebuffer is incomplete: Attachment has zero size. @ http://localhost:3000/:0
[  189201ms] [WARNING] [.WebGL-0x139c01114400] GL_INVALID_FRAMEBUFFER_OPERATION: glDrawElements: Framebuffer is incomplete: Attachment has zero size. @ http://localhost:3000/:0
[  189201ms] [WARNING] [.WebGL-0x139c01114400] GL_INVALID_FRAMEBUFFER_OPERATION: glDrawElements: Framebuffer is incomplete: Attachment has zero size. @ http://localhost:3000/:0
[  189201ms] [WARNING] [.WebGL-0x139c01114400] GL_INVALID_FRAMEBUFFER_OPERATION: glDrawElements: Framebuffer is incomplete: Attachment has zero size. @ http://localhost:3000/:0
[  189201ms] [WARNING] [.WebGL-0x139c01114400] GL_INVALID_FRAMEBUFFER_OPERATION: glDrawElements: Framebuffer is incomplete: Attachment has zero size. @ http://localhost:3000/:0
[  189202ms] [WARNING] [.WebGL-0x139c01114400] GL_INVALID_FRAMEBUFFER_OPERATION: glDrawElements: Framebuffer is incomplete: Attachment has zero size. @ http://localhost:3000/:0
[  189214ms] [WARNING] [.WebGL-0x139c01114400] GL_INVALID_FRAMEBUFFER_OPERATION: glClear: Framebuffer is incomplete: Attachment has zero size. @ http://localhost:3000/:0
[  189214ms] [WARNING] [.WebGL-0x139c01114400] GL_INVALID_FRAMEBUFFER_OPERATION: glClearBufferfv: Framebuffer is incomplete: Attachment has zero size. @ http://localhost:3000/:0
[  189214ms] [WARNING] [.WebGL-0x139c01114400] GL_INVALID_FRAMEBUFFER_OPERATION: glClear: Framebuffer is incomplete: Attachment has zero size. @ http://localhost:3000/:0
[  189214ms] [WARNING] [.WebGL-0x139c01114400] GL_INVALID_FRAMEBUFFER_OPERATION: glClearBufferfv: Framebuffer is incomplete: Attachment has zero size. @ http://localhost:3000/:0
[  189214ms] [WARNING] [.WebGL-0x139c01114400] GL_INVALID_FRAMEBUFFER_OPERATION: glDrawElements: Framebuffer is incomplete: Attachment has zero size. @ http://localhost:3000/:0
[  189214ms] [WARNING] [.WebGL-0x139c01114400] GL_INVALID_FRAMEBUFFER_OPERATION: glDrawElements: Framebuffer is incomplete: Attachment has zero size. @ http://localhost:3000/:0
[  189214ms] [WARNING] [.WebGL-0x139c01114400] GL_INVALID_FRAMEBUFFER_OPERATION: glDrawElements: Framebuffer is incomplete: Attachment has zero size. @ http://localhost:3000/:0
[  189214ms] [WARNING] [.WebGL-0x139c01114400] GL_INVALID_FRAMEBUFFER_OPERATION: glDrawElements: Framebuffer is incomplete: Attachment has zero size. @ http://localhost:3000/:0
[  189214ms] [WARNING] [.WebGL-0x139c01114400] GL_INVALID_FRAMEBUFFER_OPERATION: glDrawElements: Framebuffer is incomplete: Attachment has zero size. @ http://localhost:3000/:0
[  189214ms] [WARNING] [.WebGL-0x139c01114400] GL_INVALID_FRAMEBUFFER_OPERATION: glDrawElements: Framebuffer is incomplete: Attachment has zero size. @ http://localhost:3000/:0
[  189214ms] [WARNING] [.WebGL-0x139c01114400] GL_INVALID_FRAMEBUFFER_OPERATION: glDrawElements: Framebuffer is incomplete: Attachment has zero size. @ http://localhost:3000/:0
[  189214ms] [WARNING] [.WebGL-0x139c01114400] GL_INVALID_FRAMEBUFFER_OPERATION: glDrawElements: Framebuffer is incomplete: Attachment has zero size. @ http://localhost:3000/:0
[  189214ms] [WARNING] [.WebGL-0x139c01114400] GL_INVALID_FRAMEBUFFER_OPERATION: glDrawElements: Framebuffer is incomplete: Attachment has zero size. @ http://localhost:3000/:0
[  189214ms] [WARNING] [.WebGL-0x139c01114400] GL_INVALID_FRAMEBUFFER_OPERATION: glDrawElements: Framebuffer is incomplete: Attachment has zero size. @ http://localhost:3000/:0
[  189214ms] [WARNING] [.WebGL-0x139c01114400] GL_INVALID_FRAMEBUFFER_OPERATION: glDrawElements: Framebuffer is incomplete: Attachment has zero size. @ http://localhost:3000/:0
[  189214ms] [WARNING] [.WebGL-0x139c01114400] GL_INVALID_FRAMEBUFFER_OPERATION: glDrawElements: Framebuffer is incomplete: Attachment has zero size. @ http://localhost:3000/:0
[  189214ms] [WARNING] [.WebGL-0x139c01114400] GL_INVALID_FRAMEBUFFER_OPERATION: glDrawElements: Framebuffer is incomplete: Attachment has zero size. @ http://localhost:3000/:0
[  189214ms] [WARNING] [.WebGL-0x139c01114400] GL_INVALID_FRAMEBUFFER_OPERATION: glDrawElements: Framebuffer is incomplete: Attachment has zero size. @ http://localhost:3000/:0
[  189214ms] [WARNING] [.WebGL-0x139c01114400] GL_INVALID_FRAMEBUFFER_OPERATION: glDrawElements: Framebuffer is incomplete: Attachment has zero size. @ http://localhost:3000/:0
[  189214ms] [WARNING] [.WebGL-0x139c01114400] GL_INVALID_FRAMEBUFFER_OPERATION: glDrawElements: Framebuffer is incomplete: Attachment has zero size. @ http://localhost:3000/:0
[  189249ms] [WARNING] [.WebGL-0x139c01114400] GL_INVALID_FRAMEBUFFER_OPERATION: glDrawElements: Framebuffer is incomplete: Attachment has zero size. @ http://localhost:3000/:0
[  189250ms] [WARNING] [.WebGL-0x139c01114400] GL_INVALID_FRAMEBUFFER_OPERATION: glClear: Framebuffer is incomplete: Attachment has zero size. @ http://localhost:3000/:0
[  189250ms] [WARNING] [.WebGL-0x139c01114400] GL_INVALID_FRAMEBUFFER_OPERATION: glClearBufferfv: Framebuffer is incomplete: Attachment has zero size. @ http://localhost:3000/:0
[  189250ms] [WARNING] [.WebGL-0x139c01114400] GL_INVALID_FRAMEBUFFER_OPERATION: glClear: Framebuffer is incomplete: Attachment has zero size. @ http://localhost:3000/:0
[  189250ms] [WARNING] [.WebGL-0x139c01114400] GL_INVALID_FRAMEBUFFER_OPERATION: glClearBufferfv: Framebuffer is incomplete: Attachment has zero size. @ http://localhost:3000/:0
[  189250ms] [WARNING] [.WebGL-0x139c01114400] GL_INVALID_FRAMEBUFFER_OPERATION: glDrawElements: Framebuffer is incomplete: Attachment has zero size. @ http://localhost:3000/:0
[  189250ms] [WARNING] [.WebGL-0x139c01114400] GL_INVALID_FRAMEBUFFER_OPERATION: glDrawElements: Framebuffer is incomplete: Attachment has zero size. @ http://localhost:3000/:0
[  189250ms] [WARNING] [.WebGL-0x139c01114400] GL_INVALID_FRAMEBUFFER_OPERATION: glDrawElements: Framebuffer is incomplete: Attachment has zero size. @ http://localhost:3000/:0
[  189250ms] [WARNING] [.WebGL-0x139c01114400] GL_INVALID_FRAMEBUFFER_OPERATION: glDrawElements: Framebuffer is incomplete: Attachment has zero size. @ http://localhost:3000/:0
[  189250ms] [WARNING] [.WebGL-0x139c01114400] GL_INVALID_FRAMEBUFFER_OPERATION: glDrawElements: Framebuffer is incomplete: Attachment has zero size. @ http://localhost:3000/:0
[  189250ms] [WARNING] [.WebGL-0x139c01114400] GL_INVALID_FRAMEBUFFER_OPERATION: glDrawElements: Framebuffer is incomplete: Attachment has zero size. @ http://localhost:3000/:0
[  189250ms] [WARNING] [.WebGL-0x139c01114400] GL_INVALID_FRAMEBUFFER_OPERATION: glDrawElements: Framebuffer is incomplete: Attachment has zero size. @ http://localhost:3000/:0
[  189250ms] [WARNING] [.WebGL-0x139c01114400] GL_INVALID_FRAMEBUFFER_OPERATION: glDrawElements: Framebuffer is incomplete: Attachment has zero size. @ http://localhost:3000/:0
[  189250ms] [WARNING] [.WebGL-0x139c01114400] GL_INVALID_FRAMEBUFFER_OPERATION: glDrawElements: Framebuffer is incomplete: Attachment has zero size. @ http://localhost:3000/:0
[  189250ms] [WARNING] [.WebGL-0x139c01114400] GL_INVALID_FRAMEBUFFER_OPERATION: glDrawElements: Framebuffer is incomplete: Attachment has zero size. @ http://localhost:3000/:0
[  189250ms] [WARNING] [.WebGL-0x139c01114400] GL_INVALID_FRAMEBUFFER_OPERATION: glDrawElements: Framebuffer is incomplete: Attachment has zero size. @ http://localhost:3000/:0
[  189250ms] [WARNING] [.WebGL-0x139c01114400] GL_INVALID_FRAMEBUFFER_OPERATION: glDrawElements: Framebuffer is incomplete: Attachment has zero size. @ http://localhost:3000/:0
[  189250ms] [WARNING] [.WebGL-0x139c01114400] GL_INVALID_FRAMEBUFFER_OPERATION: glDrawElements: Framebuffer is incomplete: Attachment has zero size. @ http://localhost:3000/:0
[  189250ms] [WARNING] [.WebGL-0x139c01114400] GL_INVALID_FRAMEBUFFER_OPERATION: glDrawElements: Framebuffer is incomplete: Attachment has zero size. @ http://localhost:3000/:0
[  189250ms] [WARNING] [.WebGL-0x139c01114400] GL_INVALID_FRAMEBUFFER_OPERATION: glDrawElements: Framebuffer is incomplete: Attachment has zero size. @ http://localhost:3000/:0
[  189250ms] [WARNING] [.WebGL-0x139c01114400] GL_INVALID_FRAMEBUFFER_OPERATION: glDrawElements: Framebuffer is incomplete: Attachment has zero size. @ http://localhost:3000/:0
[  189250ms] [WARNING] [.WebGL-0x139c01114400] GL_INVALID_FRAMEBUFFER_OPERATION: glDrawElements: Framebuffer is incomplete: Attachment has zero size. @ http://localhost:3000/:0
[  189262ms] [WARNING] [.WebGL-0x139c01114400] GL_INVALID_FRAMEBUFFER_OPERATION: glClear: Framebuffer is incomplete: Attachment has zero size. @ http://localhost:3000/:0
[  189262ms] [WARNING] [.WebGL-0x139c01114400] GL_INVALID_FRAMEBUFFER_OPERATION: glClearBufferfv: Framebuffer is incomplete: Attachment has zero size. @ http://localhost:3000/:0
[  189262ms] [WARNING] [.WebGL-0x139c01114400] GL_INVALID_FRAMEBUFFER_OPERATION: glClear: Framebuffer is incomplete: Attachment has zero size. @ http://localhost:3000/:0
[  189262ms] [WARNING] [.WebGL-0x139c01114400] GL_INVALID_FRAMEBUFFER_OPERATION: glClearBufferfv: Framebuffer is incomplete: Attachment has zero size. @ http://localhost:3000/:0
[  189262ms] [WARNING] [.WebGL-0x139c01114400] GL_INVALID_FRAMEBUFFER_OPERATION: glDrawElements: Framebuffer is incomplete: Attachment has zero size. @ http://localhost:3000/:0
[  189262ms] [WARNING] [.WebGL-0x139c01114400] GL_INVALID_FRAMEBUFFER_OPERATION: glDrawElements: Framebuffer is incomplete: Attachment has zero size. @ http://localhost:3000/:0
[  189262ms] [WARNING] [.WebGL-0x139c01114400] GL_INVALID_FRAMEBUFFER_OPERATION: glDrawElements: Framebuffer is incomplete: Attachment has zero size. @ http://localhost:3000/:0
[  189262ms] [WARNING] [.WebGL-0x139c01114400] GL_INVALID_FRAMEBUFFER_OPERATION: glDrawElements: Framebuffer is incomplete: Attachment has zero size. @ http://localhost:3000/:0
[  189262ms] [WARNING] [.WebGL-0x139c01114400] GL_INVALID_FRAMEBUFFER_OPERATION: glDrawElements: Framebuffer is incomplete: Attachment has zero size. @ http://localhost:3000/:0
[  189262ms] [WARNING] [.WebGL-0x139c01114400] GL_INVALID_FRAMEBUFFER_OPERATION: glDrawElements: Framebuffer is incomplete: Attachment has zero size. @ http://localhost:3000/:0
[  189262ms] [WARNING] [.WebGL-0x139c01114400] GL_INVALID_FRAMEBUFFER_OPERATION: glDrawElements: Framebuffer is incomplete: Attachment has zero size. @ http://localhost:3000/:0
[  189262ms] [WARNING] [.WebGL-0x139c01114400] GL_INVALID_FRAMEBUFFER_OPERATION: glDrawElements: Framebuffer is incomplete: Attachment has zero size. @ http://localhost:3000/:0
[  189262ms] [WARNING] [.WebGL-0x139c01114400] GL_INVALID_FRAMEBUFFER_OPERATION: glDrawElements: Framebuffer is incomplete: Attachment has zero size. @ http://localhost:3000/:0
[  189262ms] [WARNING] [.WebGL-0x139c01114400] GL_INVALID_FRAMEBUFFER_OPERATION: glDrawElements: Framebuffer is incomplete: Attachment has zero size. @ http://localhost:3000/:0
[  189262ms] [WARNING] [.WebGL-0x139c01114400] GL_INVALID_FRAMEBUFFER_OPERATION: glDrawElements: Framebuffer is incomplete: Attachment has zero size. @ http://localhost:3000/:0
[  189262ms] [WARNING] [.WebGL-0x139c01114400] GL_INVALID_FRAMEBUFFER_OPERATION: glDrawElements: Framebuffer is incomplete: Attachment has zero size. @ http://localhost:3000/:0
[  189262ms] [WARNING] [.WebGL-0x139c01114400] GL_INVALID_FRAMEBUFFER_OPERATION: glDrawElements: Framebuffer is incomplete: Attachment has zero size. @ http://localhost:3000/:0
[  189262ms] [WARNING] [.WebGL-0x139c01114400] GL_INVALID_FRAMEBUFFER_OPERATION: glDrawElements: Framebuffer is incomplete: Attachment has zero size. @ http://localhost:3000/:0
[  189262ms] [WARNING] [.WebGL-0x139c01114400] GL_INVALID_FRAMEBUFFER_OPERATION: glDrawElements: Framebuffer is incomplete: Attachment has zero size. @ http://localhost:3000/:0
[  189262ms] [WARNING] [.WebGL-0x139c01114400] GL_INVALID_FRAMEBUFFER_OPERATION: glDrawElements: Framebuffer is incomplete: Attachment has zero size. @ http://localhost:3000/:0
[  189262ms] [WARNING] [.WebGL-0x139c01114400] GL_INVALID_FRAMEBUFFER_OPERATION: glDrawElements: Framebuffer is incomplete: Attachment has zero size. @ http://localhost:3000/:0
[  189271ms] [WARNING] [.WebGL-0x139c01114400] GL_INVALID_FRAMEBUFFER_OPERATION: glClear: Framebuffer is incomplete: Attachment has zero size. @ http://localhost:3000/:0
[  189272ms] [WARNING] [.WebGL-0x139c01114400] GL_INVALID_FRAMEBUFFER_OPERATION: glClearBufferfv: Framebuffer is incomplete: Attachment has zero size. @ http://localhost:3000/:0
[  189272ms] [WARNING] [.WebGL-0x139c01114400] GL_INVALID_FRAMEBUFFER_OPERATION: glClear: Framebuffer is incomplete: Attachment has zero size. @ http://localhost:3000/:0
[  189272ms] [WARNING] [.WebGL-0x139c01114400] GL_INVALID_FRAMEBUFFER_OPERATION: glClearBufferfv: Framebuffer is incomplete: Attachment has zero size. @ http://localhost:3000/:0
[  189272ms] [WARNING] [.WebGL-0x139c01114400] GL_INVALID_FRAMEBUFFER_OPERATION: glDrawElements: Framebuffer is incomplete: Attachment has zero size. @ http://localhost:3000/:0
[  189272ms] [WARNING] [.WebGL-0x139c01114400] GL_INVALID_FRAMEBUFFER_OPERATION: glDrawElements: Framebuffer is incomplete: Attachment has zero size. @ http://localhost:3000/:0
[  189272ms] [WARNING] [.WebGL-0x139c01114400] GL_INVALID_FRAMEBUFFER_OPERATION: glDrawElements: Framebuffer is incomplete: Attachment has zero size. @ http://localhost:3000/:0
[  189273ms] [WARNING] [.WebGL-0x139c01114400] GL_INVALID_FRAMEBUFFER_OPERATION: glDrawElements: Framebuffer is incomplete: Attachment has zero size. @ http://localhost:3000/:0
[  189273ms] [WARNING] [.WebGL-0x139c01114400] GL_INVALID_FRAMEBUFFER_OPERATION: glDrawElements: Framebuffer is incomplete: Attachment has zero size. @ http://localhost:3000/:0
[  189273ms] [WARNING] [.WebGL-0x139c01114400] GL_INVALID_FRAMEBUFFER_OPERATION: glDrawElements: Framebuffer is incomplete: Attachment has zero size. @ http://localhost:3000/:0
[  189274ms] [WARNING] [.WebGL-0x139c01114400] GL_INVALID_FRAMEBUFFER_OPERATION: glDrawElements: Framebuffer is incomplete: Attachment has zero size. @ http://localhost:3000/:0
[  189281ms] [WARNING] [.WebGL-0x139c01114400] GL_INVALID_FRAMEBUFFER_OPERATION: glDrawElements: Framebuffer is incomplete: Attachment has zero size. @ http://localhost:3000/:0
[  189281ms] [WARNING] [.WebGL-0x139c01114400] GL_INVALID_FRAMEBUFFER_OPERATION: glDrawElements: Framebuffer is incomplete: Attachment has zero size. @ http://localhost:3000/:0
[  189281ms] [WARNING] [.WebGL-0x139c01114400] GL_INVALID_FRAMEBUFFER_OPERATION: glDrawElements: Framebuffer is incomplete: Attachment has zero size. @ http://localhost:3000/:0
[  189281ms] [WARNING] [.WebGL-0x139c01114400] GL_INVALID_FRAMEBUFFER_OPERATION: glDrawElements: Framebuffer is incomplete: Attachment has zero size. @ http://localhost:3000/:0
[  189282ms] [WARNING] [.WebGL-0x139c01114400] GL_INVALID_FRAMEBUFFER_OPERATION: glDrawElements: Framebuffer is incomplete: Attachment has zero size. @ http://localhost:3000/:0
[  189282ms] [WARNING] [.WebGL-0x139c01114400] GL_INVALID_FRAMEBUFFER_OPERATION: glDrawElements: Framebuffer is incomplete: Attachment has zero size. @ http://localhost:3000/:0
[  189282ms] [WARNING] [.WebGL-0x139c01114400] GL_INVALID_FRAMEBUFFER_OPERATION: glDrawElements: Framebuffer is incomplete: Attachment has zero size. @ http://localhost:3000/:0
[  189282ms] [WARNING] [.WebGL-0x139c01114400] GL_INVALID_FRAMEBUFFER_OPERATION: glDrawElements: Framebuffer is incomplete: Attachment has zero size. @ http://localhost:3000/:0
[  189282ms] [WARNING] [.WebGL-0x139c01114400] GL_INVALID_FRAMEBUFFER_OPERATION: glDrawElements: Framebuffer is incomplete: Attachment has zero size. @ http://localhost:3000/:0
[  189282ms] [WARNING] [.WebGL-0x139c01114400] GL_INVALID_FRAMEBUFFER_OPERATION: glDrawElements: Framebuffer is incomplete: Attachment has zero size. @ http://localhost:3000/:0
[  189291ms] [WARNING] [.WebGL-0x139c01114400] GL_INVALID_FRAMEBUFFER_OPERATION: glClear: Framebuffer is incomplete: Attachment has zero size. @ http://localhost:3000/:0
[  189292ms] [WARNING] [.WebGL-0x139c01114400] GL_INVALID_FRAMEBUFFER_OPERATION: glClearBufferfv: Framebuffer is incomplete: Attachment has zero size. @ http://localhost:3000/:0
[  189292ms] [WARNING] [.WebGL-0x139c01114400] GL_INVALID_FRAMEBUFFER_OPERATION: glClear: Framebuffer is incomplete: Attachment has zero size. @ http://localhost:3000/:0
[  189292ms] [WARNING] [.WebGL-0x139c01114400] GL_INVALID_FRAMEBUFFER_OPERATION: glClearBufferfv: Framebuffer is incomplete: Attachment has zero size. @ http://localhost:3000/:0
[  189292ms] [WARNING] [.WebGL-0x139c01114400] GL_INVALID_FRAMEBUFFER_OPERATION: glDrawElements: Framebuffer is incomplete: Attachment has zero size. @ http://localhost:3000/:0
[  189292ms] [WARNING] [.WebGL-0x139c01114400] GL_INVALID_FRAMEBUFFER_OPERATION: glDrawElements: Framebuffer is incomplete: Attachment has zero size. @ http://localhost:3000/:0
[  189292ms] [WARNING] [.WebGL-0x139c01114400] GL_INVALID_FRAMEBUFFER_OPERATION: glDrawElements: Framebuffer is incomplete: Attachment has zero size. @ http://localhost:3000/:0
[  189292ms] [WARNING] [.WebGL-0x139c01114400] GL_INVALID_FRAMEBUFFER_OPERATION: glDrawElements: Framebuffer is incomplete: Attachment has zero size. @ http://localhost:3000/:0
[  189292ms] [WARNING] [.WebGL-0x139c01114400] GL_INVALID_FRAMEBUFFER_OPERATION: glDrawElements: Framebuffer is incomplete: Attachment has zero size. @ http://localhost:3000/:0
[  189292ms] [WARNING] [.WebGL-0x139c01114400] GL_INVALID_FRAMEBUFFER_OPERATION: glDrawElements: Framebuffer is incomplete: Attachment has zero size. @ http://localhost:3000/:0
[  189292ms] [WARNING] [.WebGL-0x139c01114400] GL_INVALID_FRAMEBUFFER_OPERATION: glDrawElements: Framebuffer is incomplete: Attachment has zero size. @ http://localhost:3000/:0
[  189292ms] [WARNING] [.WebGL-0x139c01114400] GL_INVALID_FRAMEBUFFER_OPERATION: glDrawElements: Framebuffer is incomplete: Attachment has zero size. @ http://localhost:3000/:0
[  189292ms] [WARNING] [.WebGL-0x139c01114400] GL_INVALID_FRAMEBUFFER_OPERATION: glDrawElements: Framebuffer is incomplete: Attachment has zero size. @ http://localhost:3000/:0
[  189292ms] [WARNING] [.WebGL-0x139c01114400] GL_INVALID_FRAMEBUFFER_OPERATION: glDrawElements: Framebuffer is incomplete: Attachment has zero size. @ http://localhost:3000/:0
[  189292ms] [WARNING] [.WebGL-0x139c01114400] GL_INVALID_FRAMEBUFFER_OPERATION: glDrawElements: Framebuffer is incomplete: Attachment has zero size. @ http://localhost:3000/:0
[  189292ms] [WARNING] [.WebGL-0x139c01114400] GL_INVALID_FRAMEBUFFER_OPERATION: glDrawElements: Framebuffer is incomplete: Attachment has zero size. @ http://localhost:3000/:0
[  189293ms] [WARNING] [.WebGL-0x139c01114400] GL_INVALID_FRAMEBUFFER_OPERATION: glDrawElements: Framebuffer is incomplete: Attachment has zero size. @ http://localhost:3000/:0
[  189293ms] [WARNING] [.WebGL-0x139c01114400] GL_INVALID_FRAMEBUFFER_OPERATION: glDrawElements: Framebuffer is incomplete: Attachment has zero size. @ http://localhost:3000/:0
[  189293ms] [WARNING] [.WebGL-0x139c01114400] GL_INVALID_FRAMEBUFFER_OPERATION: glDrawElements: Framebuffer is incomplete: Attachment has zero size. @ http://localhost:3000/:0
[  189293ms] [WARNING] [.WebGL-0x139c01114400] GL_INVALID_FRAMEBUFFER_OPERATION: glDrawElements: Framebuffer is incomplete: Attachment has zero size. @ http://localhost:3000/:0
[  189293ms] [WARNING] [.WebGL-0x139c01114400] GL_INVALID_FRAMEBUFFER_OPERATION: glDrawElements: Framebuffer is incomplete: Attachment has zero size. @ http://localhost:3000/:0
[  189302ms] [WARNING] [.WebGL-0x139c01114400] GL_INVALID_FRAMEBUFFER_OPERATION: glClear: Framebuffer is incomplete: Attachment has zero size. @ http://localhost:3000/:0
[  189302ms] [WARNING] [.WebGL-0x139c01114400] GL_INVALID_FRAMEBUFFER_OPERATION: glClearBufferfv: Framebuffer is incomplete: Attachment has zero size. @ http://localhost:3000/:0
[  189302ms] [WARNING] [.WebGL-0x139c01114400] GL_INVALID_FRAMEBUFFER_OPERATION: glClear: Framebuffer is incomplete: Attachment has zero size. @ http://localhost:3000/:0
[  189302ms] [WARNING] [.WebGL-0x139c01114400] GL_INVALID_FRAMEBUFFER_OPERATION: glClearBufferfv: Framebuffer is incomplete: Attachment has zero size. @ http://localhost:3000/:0
[  189302ms] [WARNING] [.WebGL-0x139c01114400] GL_INVALID_FRAMEBUFFER_OPERATION: glDrawElements: Framebuffer is incomplete: Attachment has zero size. @ http://localhost:3000/:0
[  189302ms] [WARNING] [.WebGL-0x139c01114400] GL_INVALID_FRAMEBUFFER_OPERATION: glDrawElements: Framebuffer is incomplete: Attachment has zero size. @ http://localhost:3000/:0
[  189302ms] [WARNING] [.WebGL-0x139c01114400] GL_INVALID_FRAMEBUFFER_OPERATION: glDrawElements: Framebuffer is incomplete: Attachment has zero size. @ http://localhost:3000/:0
[  189302ms] [WARNING] [.WebGL-0x139c01114400] GL_INVALID_FRAMEBUFFER_OPERATION: glDrawElements: Framebuffer is incomplete: Attachment has zero size. @ http://localhost:3000/:0
[  189303ms] [WARNING] [.WebGL-0x139c01114400] GL_INVALID_FRAMEBUFFER_OPERATION: glDrawElements: Framebuffer is incomplete: Attachment has zero size. @ http://localhost:3000/:0
[  189303ms] [WARNING] [.WebGL-0x139c01114400] GL_INVALID_FRAMEBUFFER_OPERATION: glDrawElements: Framebuffer is incomplete: Attachment has zero size. @ http://localhost:3000/:0
[  189303ms] [WARNING] [.WebGL-0x139c01114400] GL_INVALID_FRAMEBUFFER_OPERATION: glDrawElements: Framebuffer is incomplete: Attachment has zero size. @ http://localhost:3000/:0
[  189303ms] [WARNING] [.WebGL-0x139c01114400] GL_INVALID_FRAMEBUFFER_OPERATION: glDrawElements: Framebuffer is incomplete: Attachment has zero size. @ http://localhost:3000/:0
[  189303ms] [WARNING] [.WebGL-0x139c01114400] GL_INVALID_FRAMEBUFFER_OPERATION: glDrawElements: Framebuffer is incomplete: Attachment has zero size. @ http://localhost:3000/:0
[  189303ms] [WARNING] [.WebGL-0x139c01114400] GL_INVALID_FRAMEBUFFER_OPERATION: glDrawElements: Framebuffer is incomplete: Attachment has zero size. @ http://localhost:3000/:0
[  189303ms] [WARNING] [.WebGL-0x139c01114400] GL_INVALID_FRAMEBUFFER_OPERATION: glDrawElements: Framebuffer is incomplete: Attachment has zero size. @ http://localhost:3000/:0
[  189303ms] [WARNING] [.WebGL-0x139c01114400] GL_INVALID_FRAMEBUFFER_OPERATION: glDrawElements: Framebuffer is incomplete: Attachment has zero size. @ http://localhost:3000/:0
[  189303ms] [WARNING] [.WebGL-0x139c01114400] GL_INVALID_FRAMEBUFFER_OPERATION: glDrawElements: Framebuffer is incomplete: Attachment has zero size. @ http://localhost:3000/:0
[  189303ms] [WARNING] [.WebGL-0x139c01114400] GL_INVALID_FRAMEBUFFER_OPERATION: glDrawElements: Framebuffer is incomplete: Attachment has zero size. @ http://localhost:3000/:0
[  189303ms] [WARNING] [.WebGL-0x139c01114400] GL_INVALID_FRAMEBUFFER_OPERATION: glDrawElements: Framebuffer is incomplete: Attachment has zero size. @ http://localhost:3000/:0
[  189303ms] [WARNING] [.WebGL-0x139c01114400] GL_INVALID_FRAMEBUFFER_OPERATION: glDrawElements: Framebuffer is incomplete: Attachment has zero size. @ http://localhost:3000/:0
[  189319ms] [WARNING] [.WebGL-0x139c01114400] GL_INVALID_FRAMEBUFFER_OPERATION: glDrawElements: Framebuffer is incomplete: Attachment has zero size. @ http://localhost:3000/:0
[  189319ms] [WARNING] [.WebGL-0x139c01114400] GL_INVALID_FRAMEBUFFER_OPERATION: glClear: Framebuffer is incomplete: Attachment has zero size. @ http://localhost:3000/:0
[  189319ms] [WARNING] [.WebGL-0x139c01114400] GL_INVALID_FRAMEBUFFER_OPERATION: glClearBufferfv: Framebuffer is incomplete: Attachment has zero size. @ http://localhost:3000/:0
[  189319ms] [WARNING] [.WebGL-0x139c01114400] GL_INVALID_FRAMEBUFFER_OPERATION: glClear: Framebuffer is incomplete: Attachment has zero size. @ http://localhost:3000/:0
[  189319ms] [WARNING] [.WebGL-0x139c01114400] GL_INVALID_FRAMEBUFFER_OPERATION: glClearBufferfv: Framebuffer is incomplete: Attachment has zero size. @ http://localhost:3000/:0
[  189334ms] [WARNING] [.WebGL-0x139c01114400] GL_INVALID_FRAMEBUFFER_OPERATION: glDrawElements: Framebuffer is incomplete: Attachment has zero size. @ http://localhost:3000/:0
[  189334ms] [WARNING] [.WebGL-0x139c01114400] GL_INVALID_FRAMEBUFFER_OPERATION: glDrawElements: Framebuffer is incomplete: Attachment has zero size. @ http://localhost:3000/:0
[  189334ms] [WARNING] [.WebGL-0x139c01114400] GL_INVALID_FRAMEBUFFER_OPERATION: glDrawElements: Framebuffer is incomplete: Attachment has zero size. @ http://localhost:3000/:0
[  189334ms] [WARNING] [.WebGL-0x139c01114400] GL_INVALID_FRAMEBUFFER_OPERATION: glDrawElements: Framebuffer is incomplete: Attachment has zero size. @ http://localhost:3000/:0
[  189334ms] [WARNING] [.WebGL-0x139c01114400] GL_INVALID_FRAMEBUFFER_OPERATION: glDrawElements: Framebuffer is incomplete: Attachment has zero size. @ http://localhost:3000/:0
[  189334ms] [WARNING] [.WebGL-0x139c01114400] GL_INVALID_FRAMEBUFFER_OPERATION: glDrawElements: Framebuffer is incomplete: Attachment has zero size. @ http://localhost:3000/:0
[  189334ms] [WARNING] [.WebGL-0x139c01114400] GL_INVALID_FRAMEBUFFER_OPERATION: glDrawElements: Framebuffer is incomplete: Attachment has zero size. @ http://localhost:3000/:0
[  189334ms] [WARNING] [.WebGL-0x139c01114400] GL_INVALID_FRAMEBUFFER_OPERATION: glDrawElements: Framebuffer is incomplete: Attachment has zero size. @ http://localhost:3000/:0
[  189334ms] [WARNING] [.WebGL-0x139c01114400] GL_INVALID_FRAMEBUFFER_OPERATION: glDrawElements: Framebuffer is incomplete: Attachment has zero size. @ http://localhost:3000/:0
[  189334ms] [WARNING] [.WebGL-0x139c01114400] GL_INVALID_FRAMEBUFFER_OPERATION: glDrawElements: Framebuffer is incomplete: Attachment has zero size. @ http://localhost:3000/:0
[  189334ms] [WARNING] [.WebGL-0x139c01114400] GL_INVALID_FRAMEBUFFER_OPERATION: glDrawElements: Framebuffer is incomplete: Attachment has zero size. @ http://localhost:3000/:0
[  189334ms] [WARNING] [.WebGL-0x139c01114400] GL_INVALID_FRAMEBUFFER_OPERATION: glDrawElements: Framebuffer is incomplete: Attachment has zero size. @ http://localhost:3000/:0
[  189334ms] [WARNING] [.WebGL-0x139c01114400] GL_INVALID_FRAMEBUFFER_OPERATION: glDrawElements: Framebuffer is incomplete: Attachment has zero size. @ http://localhost:3000/:0
[  189334ms] [WARNING] [.WebGL-0x139c01114400] GL_INVALID_FRAMEBUFFER_OPERATION: glDrawElements: Framebuffer is incomplete: Attachment has zero size. @ http://localhost:3000/:0
[  189334ms] [WARNING] [.WebGL-0x139c01114400] GL_INVALID_FRAMEBUFFER_OPERATION: glDrawElements: Framebuffer is incomplete: Attachment has zero size. @ http://localhost:3000/:0
[  189334ms] [WARNING] [.WebGL-0x139c01114400] GL_INVALID_FRAMEBUFFER_OPERATION: glDrawElements: Framebuffer is incomplete: Attachment has zero size. @ http://localhost:3000/:0
[  189334ms] [WARNING] [.WebGL-0x139c01114400] GL_INVALID_FRAMEBUFFER_OPERATION: glDrawElements: Framebuffer is incomplete: Attachment has zero size. @ http://localhost:3000/:0
[  189334ms] [WARNING] [.WebGL-0x139c01114400] GL_INVALID_FRAMEBUFFER_OPERATION: glClear: Framebuffer is incomplete: Attachment has zero size. @ http://localhost:3000/:0
[  189334ms] [WARNING] [.WebGL-0x139c01114400] GL_INVALID_FRAMEBUFFER_OPERATION: glClearBufferfv: Framebuffer is incomplete: Attachment has zero size. @ http://localhost:3000/:0
[  189334ms] [WARNING] WebGL: too many errors, no more errors will be reported to the console for this context. @ http://localhost:3000/:0
[  189603ms] [LOG] [Fast Refresh] done in 1077ms @ http://localhost:3000/_next/static/chunks/node_modules_next_dist_1e8vcs8._.js:776
[  189611ms] [LOG] [Fast Refresh] done in 1077ms @ http://localhost:3000/_next/static/chunks/node_modules_next_dist_1e8vcs8._.js:776
[  189611ms] [LOG] [Fast Refresh] done in 1077ms @ http://localhost:3000/_next/static/chunks/node_modules_next_dist_1e8vcs8._.js:776
[  190973ms] [WARNING] THREE.WebGLProgram: Program Info Log: (249,1): warning X4000: use of potentially uninitialized variable (f_sobelSample) @ http://localhost:3000/_next/static/chunks/node_modules_next_dist_1e8vcs8._.js:776
[  192206ms] [WARNING] THREE.WebGLProgram: Program Info Log: (227,1): warning X4000: use of potentially uninitialized variable (f_blur)
(315,1): warning X4000: use of potentially uninitialized variable (f_sobelSample) @ http://localhost:3000/_next/static/chunks/node_modules_next_dist_1e8vcs8._.js:776
